
> frontend@0.1.0 build
> next build

Γû▓ Next.js 16.1.6 (Turbopack)

  Creating an optimized production build ...
Γ£ô Compiled successfully in 3.4s
  Running TypeScript ...
node.exe : Failed to compile.
At line:1 char:1
+ & "C:\Program Files\nodejs/node.exe" 
"C:\Program Files\nodejs/node_mo ...
+ ~~~~~~~~~~~~~~~~~~~~~~~~~~~~~~~~~~~~~~~~
~~~~~~~~~~~~~~~~~~~~~~~~~~~~~
    + CategoryInfo          : NotSpecifie 
   d: (Failed to compile.:String) [], Re  
  moteException
    + FullyQualifiedErrorId : NativeComma 
   ndError
 

./app/sce/page.tsx:207:37
Type error: Type '(value: number) => 
string' is not assignable to type 
'Formatter<number, NameType> & ((value: 
number, name: NameType, item: 
Payload<number, NameType>, index: number, 
payload: Payload<number, NameType>[]) => 
ReactNode | [...])'.
  Type '(value: number) => string' is not 
assignable to type 'Formatter<number, 
NameType>'.
    Types of parameters 'value' and 
'value' are incompatible.
      Type 'number | undefined' is not 
assignable to type 'number'.
        Type 'undefined' is not 
assignable to type 'number'.

[0m [90m 205 |[39m                     
            [33m<[39m[33m/[39m[33mPie
[39m[33m>[39m
 [90m 206 |[39m                         
        [33m<[39m[33mTooltip[39m
[31m[1m>[22m[39m[90m 207 |[39m      
                               
formatter[33m=[39m{(value[33m:[39m 
number) [33m=>[39m 
value[33m.[39mtoLocaleString()}
 [90m     |[39m                         
            [31m[1m^[22m[39m
 [90m 208 |[39m                         
            contentStyle[33m=[39m{{ 
borderRadius[33m:[39m 
[32m'8px'[39m[33m,[39m 
border[33m:[39m 
[32m'none'[39m[33m,[39m 
boxShadow[33m:[39m [32m'0 4px 6px -1px 
rgb(0 0 0 / 0.1)'[39m }}
 [90m 209 |[39m                         
        [33m/[39m[33m>[39m
 [90m 210 |[39m                         
    [33m<[39m[33m/[39m[33mPieChart[3
9m[33m>[39m[0m
Next.js build worker exited with code: 1 
and signal: null
